
/home/runner/work/exp-word-analysis-iiith/exp-word-analysis-iiith/experiment/simulation/js/main.js
    1:5   warning  'index' is defined but never used                         no-unused-vars
    3:10  warning  'getSelectedValue' is defined but never used              no-unused-vars
   14:3   warning  '$' is not defined                                        no-undef
   22:5   warning  'src' is defined but never used                           no-unused-vars
   24:10  warning  'getOption' is defined but never used                     no-unused-vars
   25:3   warning  'temp1' is not defined                                    no-undef
   26:10  warning  'temp1' is not defined                                    no-undef
   27:3   warning  'scr' is not defined                                      no-undef
   27:9   warning  'temp1' is not defined                                    no-undef
   35:3   warning  '$' is not defined                                        no-undef
   35:64  warning  'scr' is not defined                                      no-undef
   51:1   warning  'ga' is not defined                                       no-undef
   52:1   warning  'ga' is not defined                                       no-undef
  432:5   warning  'previouslyIncorrect' is assigned a value but never used  no-unused-vars
  435:10  warning  'getDistractors' is defined but never used                no-unused-vars
  436:21  warning  'commonFeatures' is not defined                           no-undef
  444:10  warning  'getRootDistractors' is defined but never used            no-unused-vars
  453:15  warning  'word' is defined but never used                          no-unused-vars
  454:18  warning  '_' is defined but never used                             no-unused-vars
  474:10  warning  'processFeaturesData' is defined but never used           no-unused-vars
  495:10  warning  'wordData' is not defined                                 no-undef
  496:7   warning  'wordData' is not defined                                 no-undef
  510:22  warning  'wordData' is not defined                                 no-undef
  513:10  warning  'allGendersByLang' is not defined                         no-undef
  513:34  warning  'allGendersByLang' is not defined                         no-undef
  514:10  warning  'allPersonsByLang' is not defined                         no-undef
  514:34  warning  'allPersonsByLang' is not defined                         no-undef
  515:10  warning  'allNumbersByLang' is not defined                         no-undef
  515:34  warning  'allNumbersByLang' is not defined                         no-undef
  516:10  warning  'allScriptsByLang' is not defined                         no-undef
  516:34  warning  'allScriptsByLang' is not defined                         no-undef
  517:10  warning  'allCasesByLang' is not defined                           no-undef
  517:32  warning  'allCasesByLang' is not defined                           no-undef
  533:7   warning  'allCategories' is not defined                            no-undef
  538:9   warning  'allGendersByLang' is not defined                         no-undef
  545:9   warning  'allNumbersByLang' is not defined                         no-undef
  552:9   warning  'allPersonsByLang' is not defined                         no-undef
  559:9   warning  'allScriptsByLang' is not defined                         no-undef
  566:9   warning  'allCasesByLang' is not defined                           no-undef
  573:9   warning  'allTenses' is not defined                                no-undef
  592:22  warning  'allScriptsByLang' is not defined                         no-undef
  595:7   warning  'allScriptsByLang' is not defined                         no-undef
  596:7   warning  'allScriptsByLang' is not defined                         no-undef
  598:7   warning  'allCasesByLang' is not defined                           no-undef
  599:7   warning  'allCasesByLang' is not defined                           no-undef
  602:7   warning  'allScriptsByLang' is not defined                         no-undef
  603:7   warning  'allScriptsByLang' is not defined                         no-undef
  605:7   warning  'allCasesByLang' is not defined                           no-undef
  606:7   warning  'allCasesByLang' is not defined                           no-undef
  611:22  warning  'allGendersByLang' is not defined                         no-undef
  613:5   warning  'allGendersByLang' is not defined                         no-undef
  616:5   warning  'allPersonsByLang' is not defined                         no-undef
  619:5   warning  'allNumbersByLang' is not defined                         no-undef
  622:5   warning  'allCasesByLang' is not defined                           no-undef
  625:5   warning  'allScriptsByLang' is not defined                         no-undef
  629:3   warning  'allTenses' is not defined                                no-undef
  631:3   warning  'allTenses' is not defined                                no-undef
  632:3   warning  'allTenses' is not defined                                no-undef
  656:43  warning  'word' is defined but never used                          no-unused-vars

/home/runner/work/exp-word-analysis-iiith/exp-word-analysis-iiith/experiment/simulation/js/mobile-detection.js
  283:7   warning  'mobileDetection' is assigned a value but never used  no-unused-vars
  286:38  warning  'module' is not defined                               no-undef
  287:3   warning  'module' is not defined                               no-undef

✖ 62 problems (0 errors, 62 warnings)

